###############################################################################
#
# IAR ELF Linker V2.20.1.176 for STM8                     15/Jun/2018  12:41:45
# Copyright 2010-2015 IAR Systems AB.
#
#    Output file  =  
#        C:\Users\bruno
#        montanari\Desktop\Treinamentos\DistSession\2018\STM8L001_IAR\IAR\Debug\Exe\ex1.out
#    Map file     =  
#        C:\Users\bruno
#        montanari\Desktop\Treinamentos\DistSession\2018\STM8L001_IAR\IAR\Debug\List\ex1.map
#    Command line =  
#        "C:\Users\bruno
#        montanari\Desktop\Treinamentos\DistSession\2018\STM8L001_IAR\IAR\Debug\Obj\main.o"
#        "C:\Users\bruno
#        montanari\Desktop\Treinamentos\DistSession\2018\STM8L001_IAR\IAR\Debug\Obj\stm8l10x_awu.o"
#        "C:\Users\bruno
#        montanari\Desktop\Treinamentos\DistSession\2018\STM8L001_IAR\IAR\Debug\Obj\stm8l10x_clk.o"
#        "C:\Users\bruno
#        montanari\Desktop\Treinamentos\DistSession\2018\STM8L001_IAR\IAR\Debug\Obj\stm8l10x_exti.o"
#        "C:\Users\bruno
#        montanari\Desktop\Treinamentos\DistSession\2018\STM8L001_IAR\IAR\Debug\Obj\stm8l10x_flash.o"
#        "C:\Users\bruno
#        montanari\Desktop\Treinamentos\DistSession\2018\STM8L001_IAR\IAR\Debug\Obj\stm8l10x_gpio.o"
#        "C:\Users\bruno
#        montanari\Desktop\Treinamentos\DistSession\2018\STM8L001_IAR\IAR\Debug\Obj\stm8l10x_it.o"
#        "C:\Users\bruno
#        montanari\Desktop\Treinamentos\DistSession\2018\STM8L001_IAR\IAR\Debug\Obj\stm8l10x_tim4.o"
#        "C:\Users\bruno
#        montanari\Desktop\Treinamentos\DistSession\2018\STM8L001_IAR\IAR\Debug\Obj\stm8l10x_usart.o"
#        --redirect _Printf=_PrintfFullNoMb --redirect _Scanf=_ScanfFullNoMb -o
#        "C:\Users\bruno
#        montanari\Desktop\Treinamentos\DistSession\2018\STM8L001_IAR\IAR\Debug\Exe\ex1.out"
#        --map "C:\Users\bruno
#        montanari\Desktop\Treinamentos\DistSession\2018\STM8L001_IAR\IAR\Debug\List\ex1.map"
#        --config "C:\Program Files (x86)\IAR Systems\Embedded Workbench
#        7.3\stm8\config\lnkstm8.icf" --config_def _CSTACK_SIZE=0x100
#        --config_def _HEAP_SIZE=0x100 --entry __iar_program_start --debug_lib
#
###############################################################################

*******************************************************************************
*** RUNTIME MODEL ATTRIBUTES
***

__SystemLibrary            = DLib
__code_model               = small
__core                     = stm8
__data_model               = medium
__dlib_file_descriptor     = 0
__dlib_full_locale_support = 0
__rt_version               = 4


*******************************************************************************
*** PLACEMENT SUMMARY
***

"A1":  place at start of [0x000000-0x0000ff] { rw section .vregs };
"A2":  place at end of [0x000000-0x0017ff] { block CSTACK };
"P2":  place in [from 0x000000 to 0x0017ff] {
          block HEAP, rw section .far.bss, rw section .far.data,
          rw section .far.noinit, rw section .far_func.textrw,
          rw section .huge.bss, rw section .huge.data, rw section .huge.noinit,
          rw section .huge_func.textrw, rw section .iar.dynexit,
          rw section .near.bss, rw section .near.data, rw section .near.noinit,
          rw section .near_func.textrw };
"A3":  place at start of [0x008000-0x00ffff] { block INTVEC };
"P3":  place in [from 0x008000 to 0x00ffff] {
          ro section .far.data_init, ro section .far_func.textrw_init,
          ro section .huge.data_init, ro section .huge_func.textrw_init,
          ro section .iar.init_table, ro section .init_array,
          ro section .near.data_init, ro section .near.rodata,
          ro section .near_func.text, ro section .near_func.textrw_init,
          ro section .tiny.data_init, ro section .tiny.rodata_init };

  Section            Kind      Address   Size  Object
  -------            ----      -------   ----  ------
"A1":                                     0xc
  .vregs             uninit   0x000000    0xc  vregs.o [4]
                            - 0x00000c    0xc

"P2":                                     0x6
  P2-1                        0x00000c    0x6  <Init block>
    .near.data       inited   0x00000c    0x2  stm8l10x_it.o [1]
    .near.bss        inited   0x00000e    0x1  main.o [1]
    .near.bss        inited   0x00000f    0x3  main.o [1]
                            - 0x000012    0x6

"A2":                                   0x100
  CSTACK                      0x001700  0x100  <Block>
    CSTACK           uninit   0x001700  0x100  <Block tail>
                            - 0x001800  0x100

"A3":                                    0x80
  INTVEC                      0x008000   0x80  <Block>
    .intvec          const    0x008000   0x80  interrupt.o [4]
                            - 0x008080   0x80

"P3":                                   0x57f
  .near_func.text    ro code  0x008080  0x10d  stm8l10x_exti.o [1]
  .near_func.text    ro code  0x00818d   0x9d  stm8l10x_gpio.o [1]
  .near_func.text    ro code  0x00822a   0x93  main.o [1]
  .near_func.text    ro code  0x0082bd   0x78  vreg_util.o [4]
  .near_func.text    ro code  0x008335   0x70  long.o [4]
  .near_func.text    ro code  0x0083a5   0x5c  stm8l10x_awu.o [1]
  .near_func.text    ro code  0x008401   0x35  stm8l10x_it.o [1]
  .near_func.text    ro code  0x008436   0x31  stm8l10x_awu.o [1]
  .near_func.text    ro code  0x008467   0x28  init_small.o [4]
  .near_func.text    ro code  0x00848f   0x26  short.o [4]
  .iar.init_table    const    0x0084b5    0xa  - Linker created -
  .near_func.text    ro code  0x0084bf   0x1c  stm8l10x_it.o [1]
  .near_func.text    ro code  0x0084db   0x1c  stm8l10x_it.o [1]
  .near_func.text    ro code  0x0084f7   0x18  stm8l10x_exti.o [1]
  .near_func.text    ro code  0x00850f   0x17  init.o [4]
  .near_func.text    ro code  0x008526   0x16  stm8l10x_it.o [1]
  .near_func.text    ro code  0x00853c   0x14  __dbg_xxexit.o [3]
  .near_func.text    ro code  0x008550   0x13  stm8l10x_clk.o [1]
  .near_func.text    ro code  0x008563   0x13  cstartup.o [4]
  .near.rodata       const    0x008576   0x11  stm8l10x_awu.o [1]
  .near.rodata       const    0x008587   0x11  stm8l10x_awu.o [1]
  .near_func.text    ro code  0x008598    0xd  dc_util.o [4]
  .near_func.text    ro code  0x0085a5    0xc  long_util.o [4]
  .near_func.text    ro code  0x0085b1    0x9  stm8l10x_awu.o [1]
  .near_func.text    ro code  0x0085ba    0x7  stm8l10x_gpio.o [1]
  Initializer bytes  const    0x0085c1    0x6  <for P2-1>
  .near_func.text    ro code  0x0085c7    0x5  stm8l10x_tim4.o [1]
  .near_func.text    ro code  0x0085cc    0x5  stm8l10x_usart.o [1]
  .near_func.text    ro code  0x0085d1    0x5  char.o [4]
  .near_func.text    ro code  0x0085d6    0x5  cexit.o [4]
  .near_func.text    ro code  0x0085db    0x4  stm8l10x_usart.o [1]
  .near_func.text    ro code  0x0085df    0x3  interrupt.o [4]
  .near_func.text    ro code  0x0085e2    0x3  low_level_init.o [4]
  .near_func.text    ro code  0x0085e5    0x3  exit.o [4]
  .near_func.text    ro code  0x0085e8    0x3  unhandled_exception.o [4]
  .near_func.text    ro code  0x0085eb    0x1  stm8l10x_it.o [1]
  .near_func.text    ro code  0x0085ec    0x1  stm8l10x_it.o [1]
  .near_func.text    ro code  0x0085ed    0x1  stm8l10x_it.o [1]
  .near_func.text    ro code  0x0085ee    0x1  stm8l10x_it.o [1]
  .near_func.text    ro code  0x0085ef    0x1  stm8l10x_it.o [1]
  .near_func.text    ro code  0x0085f0    0x1  stm8l10x_it.o [1]
  .near_func.text    ro code  0x0085f1    0x1  stm8l10x_it.o [1]
  .near_func.text    ro code  0x0085f2    0x1  stm8l10x_it.o [1]
  .near_func.text    ro code  0x0085f3    0x1  stm8l10x_it.o [1]
  .near_func.text    ro code  0x0085f4    0x1  stm8l10x_it.o [1]
  .near_func.text    ro code  0x0085f5    0x1  stm8l10x_it.o [1]
  .near_func.text    ro code  0x0085f6    0x1  stm8l10x_it.o [1]
  .near_func.text    ro code  0x0085f7    0x1  stm8l10x_it.o [1]
  .near_func.text    ro code  0x0085f8    0x1  stm8l10x_it.o [1]
  .near_func.text    ro code  0x0085f9    0x1  stm8l10x_it.o [1]
  .near_func.text    ro code  0x0085fa    0x1  stm8l10x_it.o [1]
  .near_func.text    ro code  0x0085fb    0x1  stm8l10x_it.o [1]
  .near_func.text    ro code  0x0085fc    0x1  stm8l10x_it.o [1]
  .near_func.text    ro code  0x0085fd    0x1  stm8l10x_it.o [1]
  .near_func.text    ro code  0x0085fe    0x1  __dbg_break.o [3]
                            - 0x0085ff  0x57f


*******************************************************************************
*** INIT TABLE
***

          Address   Size
          -------   ----
Copy (__iar_copy_init2)
    1 source range, total size 0x6:
          0x0085c1   0x6
    1 destination range, total size 0x6:
          0x00000c   0x6



*******************************************************************************
*** MODULE SUMMARY
***

    Module                 ro code  ro data  rw data
    ------                 -------  -------  -------
C:\Users\bruno montanari\Desktop\Treinamentos\DistSession\2018\STM8L001_IAR\IAR\Debug\Obj: [1]
    main.o                     147        4        4
    stm8l10x_awu.o             150       34
    stm8l10x_clk.o              19
    stm8l10x_exti.o            293
    stm8l10x_gpio.o            164
    stm8l10x_it.o              150        2        2
    stm8l10x_tim4.o              5
    stm8l10x_usart.o             9
    ------------------------------------------------
    Total:                     937       40        6

command line: [2]
    ------------------------------------------------
    Total:

dbgstm8smd.a: [3]
    __dbg_break.o                1
    __dbg_xxexit.o              20
    ------------------------------------------------
    Total:                      21

dlstm8smn.a: [4]
    cexit.o                      5
    char.o                       5
    cstartup.o                  19
    dc_util.o                   13
    exit.o                       3
    init.o                      23
    init_small.o                40
    interrupt.o                  3      128
    long.o                     112
    long_util.o                 12
    low_level_init.o             3
    short.o                     38
    unhandled_exception.o        3
    vreg_util.o                120
    vregs.o                                       12
    ------------------------------------------------
    Total:                     399      128       12

    Linker created                       10      256
----------------------------------------------------
    Grand Total:             1 357      178      274


*******************************************************************************
*** ENTRY LIST
***

Entry                    Address   Size  Type      Object
-----                    -------   ----  ----      ------
.iar.init_table$$Base   0x0084b5          --   Gb  - Linker created -
.iar.init_table$$Limit  0x0084bf          --   Gb  - Linker created -
?b0                     0x000000         Data  Gb  vregs.o [4]
?b1                     0x000001         Data  Gb  vregs.o [4]
?b10                    0x00000a         Data  Gb  vregs.o [4]
?b11                    0x00000b         Data  Gb  vregs.o [4]
?b2                     0x000002         Data  Gb  vregs.o [4]
?b3                     0x000003         Data  Gb  vregs.o [4]
?b4                     0x000004         Data  Gb  vregs.o [4]
?b5                     0x000005         Data  Gb  vregs.o [4]
?b6                     0x000006         Data  Gb  vregs.o [4]
?b7                     0x000007         Data  Gb  vregs.o [4]
?b8                     0x000008         Data  Gb  vregs.o [4]
?b9                     0x000009         Data  Gb  vregs.o [4]
?dc32_l1                0x008598         Code  Gb  dc_util.o [4]
?e0                     0x000001         Data  Gb  vregs.o [4]
?e1                     0x000005         Data  Gb  vregs.o [4]
?e2                     0x000009         Data  Gb  vregs.o [4]
?epilogue_l2            0x00832a         Code  Gb  vreg_util.o [4]
?l0                     0x000000         Data  Gb  vregs.o [4]
?l1                     0x000004         Data  Gb  vregs.o [4]
?l2                     0x000008         Data  Gb  vregs.o [4]
?load32_l1_0x           0x0085a5         Code  Gb  long_util.o [4]
?mov_w5_w1              0x00832e         Code  Gb  vreg_util.o [4]
?mul16_x_x_w0           0x00848f         Code  Gb  short.o [4]
?pop_l0                 0x008301         Code  Gb  vreg_util.o [4]
?pop_l1                 0x00830c         Code  Gb  vreg_util.o [4]
?pop_l2                 0x008317         Code  Gb  vreg_util.o [4]
?push_l0                0x0082d5         Code  Gb  vreg_util.o [4]
?push_l1                0x0082da         Code  Gb  vreg_util.o [4]
?push_l2                0x0082df         Code  Gb  vreg_util.o [4]
?push_w4                0x0082bd         Code  Gb  vreg_util.o [4]
?sll16_x_x_a            0x0084ad         Code  Gb  short.o [4]
?srl8_a_a_5             0x0085d1         Code  Gb  char.o [4]
?udiv32_l0_l0_dl        0x008335         Code  Gb  long.o [4]
?udiv32_l0_l0_l1        0x008338         Code  Gb  long.o [4]
?umod32_l1_l0_l1        0x008338         Code  Gb  long.o [4]
?w0                     0x000000         Data  Gb  vregs.o [4]
?w1                     0x000002         Data  Gb  vregs.o [4]
?w2                     0x000004         Data  Gb  vregs.o [4]
?w3                     0x000006         Data  Gb  vregs.o [4]
?w4                     0x000008         Data  Gb  vregs.o [4]
?w5                     0x00000a         Data  Gb  vregs.o [4]
APR_Array               0x008576   0x11  Data  Gb  stm8l10x_awu.o [1]
AWU_GetFlagStatus       0x0085b1    0x9  Code  Gb  stm8l10x_awu.o [1]
AWU_IRQHandler          0x008526   0x16  Code  Gb  stm8l10x_it.o [1]
AWU_Init                0x008436   0x31  Code  Gb  stm8l10x_awu.o [1]
AWU_LSICalibrationConfig
                        0x0083a5   0x5c  Code  Gb  stm8l10x_awu.o [1]
CLK_PeripheralClockConfig
                        0x008550   0x13  Code  Gb  stm8l10x_clk.o [1]
COMP_IRQHandler         0x0085f6    0x1  Code  Gb  stm8l10x_it.o [1]
CSTACK$$Base            0x001700          --   Gb  - Linker created -
CSTACK$$Limit           0x001800          --   Gb  - Linker created -
EXTI0_IRQHandler        0x0085ef    0x1  Code  Gb  stm8l10x_it.o [1]
EXTI1_IRQHandler        0x0085f0    0x1  Code  Gb  stm8l10x_it.o [1]
EXTI2_IRQHandler        0x0085f1    0x1  Code  Gb  stm8l10x_it.o [1]
EXTI3_IRQHandler        0x0085f2    0x1  Code  Gb  stm8l10x_it.o [1]
EXTI4_IRQHandler        0x0085f3    0x1  Code  Gb  stm8l10x_it.o [1]
EXTI5_IRQHandler        0x0085f4    0x1  Code  Gb  stm8l10x_it.o [1]
EXTI6_IRQHandler        0x0085f5    0x1  Code  Gb  stm8l10x_it.o [1]
EXTI7_IRQHandler        0x0084bf   0x1c  Code  Gb  stm8l10x_it.o [1]
EXTIB_IRQHandler        0x0085ed    0x1  Code  Gb  stm8l10x_it.o [1]
EXTID_IRQHandler        0x0085ee    0x1  Code  Gb  stm8l10x_it.o [1]
EXTI_ClearITPendingBit  0x0084f7   0x18  Code  Gb  stm8l10x_exti.o [1]
EXTI_SetPinSensitivity  0x008080  0x10d  Code  Gb  stm8l10x_exti.o [1]
FLASH_IRQHandler        0x0085ec    0x1  Code  Gb  stm8l10x_it.o [1]
GPIO_Init               0x00818d   0x9d  Code  Gb  stm8l10x_gpio.o [1]
GPIO_ToggleBits         0x0085ba    0x7  Code  Gb  stm8l10x_gpio.o [1]
I2C_IRQHandler          0x0085fd    0x1  Code  Gb  stm8l10x_it.o [1]
INTVEC$$Base            0x008000          --   Gb  - Linker created -
INTVEC$$Limit           0x008080          --   Gb  - Linker created -
KeyPressed              0x00000e    0x1  Data  Gb  main.o [1]
Region$$Table$$Base     0x0084b5          --   Gb  - Linker created -
Region$$Table$$Limit    0x0084bf          --   Gb  - Linker created -
SPI_IRQHandler          0x0085fb    0x1  Code  Gb  stm8l10x_it.o [1]
TBR_Array               0x008587   0x11  Data  Gb  stm8l10x_awu.o [1]
TIM2_CAP_IRQHandler     0x0085f8    0x1  Code  Gb  stm8l10x_it.o [1]
TIM2_UPD_OVF_TRG_BRK_IRQHandler
                        0x0085f7    0x1  Code  Gb  stm8l10x_it.o [1]
TIM3_CAP_IRQHandler     0x0085fa    0x1  Code  Gb  stm8l10x_it.o [1]
TIM3_UPD_OVF_TRG_BRK_IRQHandler
                        0x0085f9    0x1  Code  Gb  stm8l10x_it.o [1]
TIM4_ClearITPendingBit  0x0085c7    0x5  Code  Gb  stm8l10x_tim4.o [1]
TIM4_UPD_OVF_IRQHandler
                        0x008401   0x35  Code  Gb  stm8l10x_it.o [1]
TRAP_IRQHandler         0x0085eb    0x1  Code  Gb  stm8l10x_it.o [1]
USART_ClearITPendingBit
                        0x0085cc    0x5  Code  Gb  stm8l10x_usart.o [1]
USART_RX_IRQHandler     0x0084db   0x1c  Code  Gb  stm8l10x_it.o [1]
USART_ReceiveData8      0x0085db    0x4  Code  Gb  stm8l10x_usart.o [1]
USART_TX_IRQHandler     0x0085fc    0x1  Code  Gb  stm8l10x_it.o [1]
__DebugBreak            0x0085fe    0x1  Code  Gb  __dbg_break.o [3]
__exit                  0x00853c   0x14  Code  Gb  __dbg_xxexit.o [3]
__iar_copy_init2        0x008467         Code  Gb  init_small.o [4]
__iar_data_init2        0x00850f   0x17  Code  Gb  init.o [4]
__iar_program_start     0x008563         Code  Gb  cstartup.o [4]
__iar_unhandled_exception
                        0x0085e8         Code  Gb  unhandled_exception.o [4]
__intvec                0x008000         Data  Gb  interrupt.o [4]
__low_level_init        0x0085e2    0x3  Code  Gb  low_level_init.o [4]
_exit                   0x0085d6         Code  Gb  cexit.o [4]
_interrupt_1            0x0085eb         Code  Gb  stm8l10x_it.o [1]
_interrupt_10           0x0085ef         Code  Gb  stm8l10x_it.o [1]
_interrupt_11           0x0085f0         Code  Gb  stm8l10x_it.o [1]
_interrupt_12           0x0085f1         Code  Gb  stm8l10x_it.o [1]
_interrupt_13           0x0085f2         Code  Gb  stm8l10x_it.o [1]
_interrupt_14           0x0085f3         Code  Gb  stm8l10x_it.o [1]
_interrupt_15           0x0085f4         Code  Gb  stm8l10x_it.o [1]
_interrupt_16           0x0085f5         Code  Gb  stm8l10x_it.o [1]
_interrupt_17           0x0084bf         Code  Gb  stm8l10x_it.o [1]
_interrupt_20           0x0085f6         Code  Gb  stm8l10x_it.o [1]
_interrupt_21           0x0085f7         Code  Gb  stm8l10x_it.o [1]
_interrupt_22           0x0085f8         Code  Gb  stm8l10x_it.o [1]
_interrupt_23           0x0085f9         Code  Gb  stm8l10x_it.o [1]
_interrupt_24           0x0085fa         Code  Gb  stm8l10x_it.o [1]
_interrupt_27           0x008401         Code  Gb  stm8l10x_it.o [1]
_interrupt_28           0x0085fb         Code  Gb  stm8l10x_it.o [1]
_interrupt_29           0x0085fc         Code  Gb  stm8l10x_it.o [1]
_interrupt_3            0x0085ec         Code  Gb  stm8l10x_it.o [1]
_interrupt_30           0x0084db         Code  Gb  stm8l10x_it.o [1]
_interrupt_31           0x0085fd         Code  Gb  stm8l10x_it.o [1]
_interrupt_6            0x008526         Code  Gb  stm8l10x_it.o [1]
_interrupt_8            0x0085ed         Code  Gb  stm8l10x_it.o [1]
_interrupt_9            0x0085ee         Code  Gb  stm8l10x_it.o [1]
exit                    0x0085e5    0x3  Code  Gb  exit.o [4]
main                    0x00822a   0x93  Code  Gb  main.o [1]
recebe                  0x00000f    0x3  Data  Gb  main.o [1]


[1] = C:\Users\bruno montanari\Desktop\Treinamentos\DistSession\2018\STM8L001_IAR\IAR\Debug\Obj
[2] = command line
[3] = dbgstm8smd.a
[4] = dlstm8smn.a

  1 357 bytes of readonly  code memory
    178 bytes of readonly  data memory
    274 bytes of readwrite data memory

Errors: none
Warnings: none
